files/test3.hh:6:6: warning: Dereference of null pointer (loaded from variable 'x') [clang-analyzer-core.NullDereference]
    6 |   *x = 42;
      |      ^
files/test3.cpp:4:3: note: 'x' initialized to a null pointer value
    4 |   int* x = 0;
      |   ^~~~~~
files/test3.cpp:6:11: note: Assuming 'argc' is > 3
    6 |   if (foo(argc > 3)) {
      |           ^~~~~~~~
files/test3.cpp:6:3: note: Taking true branch
    6 |   if (foo(argc > 3)) {
      |   ^
files/test3.cpp:7:9: note: Passing null pointer value via 1st parameter 'x'
    7 |     bar(x);
      |         ^
files/test3.cpp:7:5: note: Calling 'bar'
    7 |     bar(x);
      |     ^~~~~~
files/test3.hh:6:6: note: Dereference of null pointer (loaded from variable 'x')
    6 |   *x = 42;
      |    ~ ^
files/test3.cpp:4:12: warning: use nullptr [modernize-use-nullptr]
    4 |   int* x = 0;
      |            ^
      |            nullptr